// Jest Snapshot v1, https://goo.gl/fbAQLP

exports[`<Toolbar/> rendering left button renders correctly 1`] = `
<View
  style={
    Array [
      Object {
        "alignSelf": "flex-start",
        "borderColor": "red",
        "borderWidth": 1,
      },
      Object {
        "backgroundColor": "#4883da",
        "height": 56,
      },
    ]
  }
/>
`;
